// Jest Snapshot v1, https://goo.gl/fbAQLP

exports[`Main Content renders SideBar correctly 1`] = `
<div>
  <div
    className=""
  >
    <aside
      className="ant-layout-sider ant-layout-sider-light"
      style={
        Object {
          "flex": "0 0 200px",
          "maxHeight": "100vh",
          "maxWidth": "200px",
          "minWidth": "200px",
          "overflowX": "hidden",
          "overflowY": "auto",
          "width": "200px",
        }
      }
    >
      <div
        className="ant-layout-sider-children"
      >
        <ul
          className="ant-menu ant-menu-root ant-menu-inline ant-menu-light"
          data-menu-list={true}
          onKeyDown={[Function]}
          role="menu"
          style={
            Object {
              "height": "100%",
            }
          }
          tabIndex={0}
          title=""
        >
          <li
            className="ant-menu-item"
            data-menu-id={null}
            onClick={[Function]}
            onFocus={[Function]}
            onKeyDown={[Function]}
            onMouseEnter={[Function]}
            onMouseLeave={[Function]}
            role="menuitem"
            style={
              Object {
                "paddingLeft": 24,
              }
            }
            tabIndex={-1}
          >
            <span
              aria-label="menu"
              className="anticon anticon-menu ant-menu-item-icon"
              role="img"
            >
              <svg
                aria-hidden="true"
                data-icon="menu"
                fill="currentColor"
                focusable="false"
                height="1em"
                viewBox="64 64 896 896"
                width="1em"
              >
                <path
                  d="M904 160H120c-4.4 0-8 3.6-8 8v64c0 4.4 3.6 8 8 8h784c4.4 0 8-3.6 8-8v-64c0-4.4-3.6-8-8-8zm0 624H120c-4.4 0-8 3.6-8 8v64c0 4.4 3.6 8 8 8h784c4.4 0 8-3.6 8-8v-64c0-4.4-3.6-8-8-8zm0-312H120c-4.4 0-8 3.6-8 8v64c0 4.4 3.6 8 8 8h784c4.4 0 8-3.6 8-8v-64c0-4.4-3.6-8-8-8z"
                />
              </svg>
            </span>
            <span
              className="ant-menu-title-content"
            >
              Kategorien
            </span>
          </li>
          <li
            className="ant-menu-item ant-menu-item-selected ant-menu-item-only-child"
            data-menu-id={null}
            onClick={[Function]}
            onFocus={[Function]}
            onKeyDown={[Function]}
            onMouseEnter={[Function]}
            onMouseLeave={[Function]}
            role="menuitem"
            style={
              Object {
                "paddingLeft": 24,
              }
            }
            tabIndex={-1}
          >
            <span
              className="ant-menu-title-content"
            >
              Schlafzimmer
            </span>
          </li>
        </ul>
        <div
          aria-hidden={true}
          style={
            Object {
              "display": "none",
            }
          }
        />
      </div>
    </aside>
  </div>
</div>
`;
