// Jest Snapshot v1, https://goo.gl/fbAQLP

exports[`Search Content renders Search Content correctly 1`] = `
<main
  className="ant-layout-content"
  style={
    Object {
      "margin": "24px 16px 0",
    }
  }
>
  <div
    className="ant-row"
    style={
      Object {
        "marginBottom": -8,
        "marginLeft": -8,
        "marginRight": -8,
        "marginTop": -8,
      }
    }
  />
</main>
`;
